// Jest Snapshot v1, https://goo.gl/fbAQLP

exports[`Pruebas en el componte <AddCategory/> probar con el snapshot  1`] = `
<form
  onSubmit={[Function]}
>
  <p />
  <input
    onChange={[Function]}
    type="text"
    value=""
  />
</form>
`;
